== 机器规格 ==
cpu_cores                64
mem_total_gb             122
kernel                   5.4.0-216-generic
arch                     x86_64
== 前置检查 ==
kvm                      OK (/dev/kvm 可写)
firecracker              OK (Firecracker v1.16.1)
guest_kernel             OK (vmlinux-6.6.155)
reflink                  OK（fs=xfs，create 走 CoW 秒拷）
环境检查通过
[bench] 宿主=bare-metal cpus=64 mem=122G
[bench] BENCH_ONLY=density → 只跑 1 项
[bench] 运行 bench-density ...
[density] 起始 MemAvailable=123707MB，上限 MAX=900，内存地板=512MB
[density] 实例 #1 就绪，MemAvailable=123659MB（累计用 48MB）
[density] 实例 #2 就绪，MemAvailable=123608MB（累计用 99MB）
[density] 实例 #3 就绪，MemAvailable=123556MB（累计用 151MB）
[density] 实例 #4 就绪，MemAvailable=123505MB（累计用 202MB）
[density] 实例 #5 就绪，MemAvailable=123452MB（累计用 255MB）
[density] 实例 #6 就绪，MemAvailable=123400MB（累计用 307MB）
[density] 实例 #7 就绪，MemAvailable=123345MB（累计用 362MB）
[density] 实例 #8 就绪，MemAvailable=123296MB（累计用 411MB）
[density] 实例 #9 就绪，MemAvailable=123244MB（累计用 463MB）
[density] 实例 #10 就绪，MemAvailable=123194MB（累计用 513MB）
[density] 实例 #11 就绪，MemAvailable=123141MB（累计用 566MB）
[density] 实例 #12 就绪，MemAvailable=123085MB（累计用 622MB）
[density] 实例 #13 就绪，MemAvailable=123031MB（累计用 676MB）
[density] 实例 #14 就绪，MemAvailable=122979MB（累计用 728MB）
[density] 实例 #15 就绪，MemAvailable=122926MB（累计用 781MB）
[density] 实例 #16 就绪，MemAvailable=122869MB（累计用 838MB）
[density] 实例 #17 就绪，MemAvailable=122811MB（累计用 896MB）
[density] 实例 #18 就绪，MemAvailable=122760MB（累计用 947MB）
[density] 实例 #19 就绪，MemAvailable=122709MB（累计用 998MB）
[density] 实例 #20 就绪，MemAvailable=122657MB（累计用 1050MB）
[density] 实例 #21 就绪，MemAvailable=122604MB（累计用 1103MB）
[density] 实例 #22 就绪，MemAvailable=122551MB（累计用 1156MB）
[density] 实例 #23 就绪，MemAvailable=122498MB（累计用 1209MB）
[density] 实例 #24 就绪，MemAvailable=122444MB（累计用 1263MB）
[density] 实例 #25 就绪，MemAvailable=122390MB（累计用 1317MB）
[density] 实例 #26 就绪，MemAvailable=122340MB（累计用 1367MB）
[density] 实例 #27 就绪，MemAvailable=122287MB（累计用 1420MB）
[density] 实例 #28 就绪，MemAvailable=122233MB（累计用 1474MB）
[density] 实例 #29 就绪，MemAvailable=122180MB（累计用 1527MB）
[density] 实例 #30 就绪，MemAvailable=122130MB（累计用 1577MB）
[density] 实例 #31 就绪，MemAvailable=122072MB（累计用 1635MB）
[density] 实例 #32 就绪，MemAvailable=122017MB（累计用 1690MB）
[density] 实例 #33 就绪，MemAvailable=121963MB（累计用 1744MB）
[density] 实例 #34 就绪，MemAvailable=121909MB（累计用 1798MB）
[density] 实例 #35 就绪，MemAvailable=121855MB（累计用 1852MB）
[density] 实例 #36 就绪，MemAvailable=121802MB（累计用 1905MB）
[density] 实例 #37 就绪，MemAvailable=121748MB（累计用 1959MB）
[density] 实例 #38 就绪，MemAvailable=121696MB（累计用 2011MB）
[density] 实例 #39 就绪，MemAvailable=121643MB（累计用 2064MB）
[density] 实例 #40 就绪，MemAvailable=121590MB（累计用 2117MB）
[density] 实例 #41 就绪，MemAvailable=121537MB（累计用 2170MB）
[density] 实例 #42 就绪，MemAvailable=121484MB（累计用 2223MB）
[density] 实例 #43 就绪，MemAvailable=121431MB（累计用 2276MB）
[density] 实例 #44 就绪，MemAvailable=121378MB（累计用 2329MB）
[density] 实例 #45 就绪，MemAvailable=121324MB（累计用 2383MB）
[density] 实例 #46 就绪，MemAvailable=121271MB（累计用 2436MB）
[density] 实例 #47 就绪，MemAvailable=121218MB（累计用 2489MB）
[density] 实例 #48 就绪，MemAvailable=121166MB（累计用 2541MB）
[density] 实例 #49 就绪，MemAvailable=121113MB（累计用 2594MB）
[density] 实例 #50 就绪，MemAvailable=121059MB（累计用 2648MB）
[density] 实例 #51 就绪，MemAvailable=121005MB（累计用 2702MB）
[density] 实例 #52 就绪，MemAvailable=120953MB（累计用 2754MB）
[density] 实例 #53 就绪，MemAvailable=120899MB（累计用 2808MB）
[density] 实例 #54 就绪，MemAvailable=120847MB（累计用 2860MB）
[density] 实例 #55 就绪，MemAvailable=120794MB（累计用 2913MB）
[density] 实例 #56 就绪，MemAvailable=120741MB（累计用 2966MB）
[density] 实例 #57 就绪，MemAvailable=120687MB（累计用 3020MB）
[density] 实例 #58 就绪，MemAvailable=120636MB（累计用 3071MB）
[density] 实例 #59 就绪，MemAvailable=120583MB（累计用 3124MB）
[density] 实例 #60 就绪，MemAvailable=120528MB（累计用 3179MB）
[density] 实例 #61 就绪，MemAvailable=120477MB（累计用 3230MB）
[density] 实例 #62 就绪，MemAvailable=120424MB（累计用 3283MB）
[density] 实例 #63 就绪，MemAvailable=120372MB（累计用 3335MB）
[density] 实例 #64 就绪，MemAvailable=120320MB（累计用 3387MB）
[density] 实例 #65 就绪，MemAvailable=120266MB（累计用 3441MB）
[density] 实例 #66 就绪，MemAvailable=120212MB（累计用 3495MB）
[density] 实例 #67 就绪，MemAvailable=120160MB（累计用 3547MB）
[density] 实例 #68 就绪，MemAvailable=120106MB（累计用 3601MB）
[density] 实例 #69 就绪，MemAvailable=120051MB（累计用 3656MB）
[density] 实例 #70 就绪，MemAvailable=119998MB（累计用 3709MB）
[density] 实例 #71 就绪，MemAvailable=119945MB（累计用 3762MB）
[density] 实例 #72 就绪，MemAvailable=119893MB（累计用 3814MB）
[density] 实例 #73 就绪，MemAvailable=119839MB（累计用 3868MB）
[density] 实例 #74 就绪，MemAvailable=119785MB（累计用 3922MB）
[density] 实例 #75 就绪，MemAvailable=119730MB（累计用 3977MB）
[density] 实例 #76 就绪，MemAvailable=119678MB（累计用 4029MB）
[density] 实例 #77 就绪，MemAvailable=119623MB（累计用 4084MB）
[density] 实例 #78 就绪，MemAvailable=119570MB（累计用 4137MB）
[density] 实例 #79 就绪，MemAvailable=119518MB（累计用 4189MB）
[density] 实例 #80 就绪，MemAvailable=119463MB（累计用 4244MB）
[density] 实例 #81 就绪，MemAvailable=119411MB（累计用 4296MB）
[density] 实例 #82 就绪，MemAvailable=119357MB（累计用 4350MB）
[density] 实例 #83 就绪，MemAvailable=119305MB（累计用 4402MB）
[density] 实例 #84 就绪，MemAvailable=119250MB（累计用 4457MB）
[density] 实例 #85 就绪，MemAvailable=119200MB（累计用 4507MB）
[density] 实例 #86 就绪，MemAvailable=119146MB（累计用 4561MB）
[density] 实例 #87 就绪，MemAvailable=119092MB（累计用 4615MB）
[density] 实例 #88 就绪，MemAvailable=119038MB（累计用 4669MB）
[density] 实例 #89 就绪，MemAvailable=118986MB（累计用 4721MB）
[density] 实例 #90 就绪，MemAvailable=118932MB（累计用 4775MB）
[density] 实例 #91 就绪，MemAvailable=118875MB（累计用 4832MB）
[density] 实例 #92 就绪，MemAvailable=118821MB（累计用 4886MB）
[density] 实例 #93 就绪，MemAvailable=118767MB（累计用 4940MB）
[density] 实例 #94 就绪，MemAvailable=118713MB（累计用 4994MB）
[density] 实例 #95 就绪，MemAvailable=118661MB（累计用 5046MB）
[density] 实例 #96 就绪，MemAvailable=118607MB（累计用 5100MB）
[density] 实例 #97 就绪，MemAvailable=118553MB（累计用 5154MB）
[density] 实例 #98 就绪，MemAvailable=118500MB（累计用 5207MB）
[density] 实例 #99 就绪，MemAvailable=118447MB（累计用 5260MB）
[density] 实例 #100 就绪，MemAvailable=118394MB（累计用 5313MB）
[density] 实例 #101 就绪，MemAvailable=118341MB（累计用 5366MB）
[density] 实例 #102 就绪，MemAvailable=118287MB（累计用 5420MB）
[density] 实例 #103 就绪，MemAvailable=118234MB（累计用 5473MB）
[density] 实例 #104 就绪，MemAvailable=118180MB（累计用 5527MB）
[density] 实例 #105 就绪，MemAvailable=118127MB（累计用 5580MB）
[density] 实例 #106 就绪，MemAvailable=118074MB（累计用 5633MB）
[density] 实例 #107 就绪，MemAvailable=118021MB（累计用 5686MB）
[density] 实例 #108 就绪，MemAvailable=117969MB（累计用 5738MB）
[density] 实例 #109 就绪，MemAvailable=117916MB（累计用 5791MB）
[density] 实例 #110 就绪，MemAvailable=117862MB（累计用 5845MB）
[density] 实例 #111 就绪，MemAvailable=117808MB（累计用 5899MB）
[density] 实例 #112 就绪，MemAvailable=117756MB（累计用 5951MB）
[density] 实例 #113 就绪，MemAvailable=117703MB（累计用 6004MB）
[density] 实例 #114 就绪，MemAvailable=117648MB（累计用 6059MB）
[density] 实例 #115 就绪，MemAvailable=117593MB（累计用 6114MB）
[density] 实例 #116 就绪，MemAvailable=117541MB（累计用 6166MB）
[density] 实例 #117 就绪，MemAvailable=117489MB（累计用 6218MB）
[density] 实例 #118 就绪，MemAvailable=117433MB（累计用 6274MB）
[density] 实例 #119 就绪，MemAvailable=117381MB（累计用 6326MB）
[density] 实例 #120 就绪，MemAvailable=117378MB（累计用 6329MB）
[density] 实例 #121 就绪，MemAvailable=117377MB（累计用 6330MB）
[density] 实例 #122 就绪，MemAvailable=117377MB（累计用 6330MB）
[density] 实例 #123 就绪，MemAvailable=117378MB（累计用 6329MB）
[density] 实例 #124 就绪，MemAvailable=117374MB（累计用 6333MB）
[density] 实例 #125 就绪，MemAvailable=117375MB（累计用 6332MB）
[density] 实例 #126 就绪，MemAvailable=117376MB（累计用 6331MB）
[density] 实例 #127 就绪，MemAvailable=117374MB（累计用 6333MB）
[density] 实例 #128 就绪，MemAvailable=117373MB（累计用 6334MB）
[density] 实例 #129 就绪，MemAvailable=117372MB（累计用 6335MB）
[density] 实例 #130 就绪，MemAvailable=117371MB（累计用 6336MB）
[density] 实例 #131 就绪，MemAvailable=117372MB（累计用 6335MB）
[density] 实例 #132 就绪，MemAvailable=117371MB（累计用 6336MB）
[density] 实例 #133 就绪，MemAvailable=117371MB（累计用 6336MB）
[density] 实例 #134 就绪，MemAvailable=117370MB（累计用 6337MB）
[density] 实例 #135 就绪，MemAvailable=117369MB（累计用 6338MB）
[density] 实例 #136 就绪，MemAvailable=117364MB（累计用 6343MB）
[density] 实例 #137 就绪，MemAvailable=117365MB（累计用 6342MB）
[density] 实例 #138 就绪，MemAvailable=117362MB（累计用 6345MB）
[density] 实例 #139 就绪，MemAvailable=117361MB（累计用 6346MB）
[density] 实例 #140 就绪，MemAvailable=117360MB（累计用 6347MB）
[density] 实例 #141 就绪，MemAvailable=117359MB（累计用 6348MB）
[density] 实例 #142 就绪，MemAvailable=117359MB（累计用 6348MB）
[density] 实例 #143 就绪，MemAvailable=117354MB（累计用 6353MB）
[density] 实例 #144 就绪，MemAvailable=117353MB（累计用 6354MB）
[density] 实例 #145 就绪，MemAvailable=117352MB（累计用 6355MB）
[density] 实例 #146 就绪，MemAvailable=117351MB（累计用 6356MB）
[density] 实例 #147 就绪，MemAvailable=117354MB（累计用 6353MB）
[density] 实例 #148 就绪，MemAvailable=117350MB（累计用 6357MB）
[density] 实例 #149 就绪，MemAvailable=117351MB（累计用 6356MB）
[density] 实例 #150 就绪，MemAvailable=117353MB（累计用 6354MB）
[density] 实例 #151 就绪，MemAvailable=117352MB（累计用 6355MB）
[density] 实例 #152 就绪，MemAvailable=117351MB（累计用 6356MB）
[density] 实例 #153 就绪，MemAvailable=117350MB（累计用 6357MB）
[density] 实例 #154 就绪，MemAvailable=117350MB（累计用 6357MB）
[density] 实例 #155 就绪，MemAvailable=117350MB（累计用 6357MB）
[density] 实例 #156 就绪，MemAvailable=117347MB（累计用 6360MB）
[density] 实例 #157 就绪，MemAvailable=117349MB（累计用 6358MB）
[density] 实例 #158 就绪，MemAvailable=117350MB（累计用 6357MB）
[density] 实例 #159 就绪，MemAvailable=117350MB（累计用 6357MB）
[density] 实例 #160 就绪，MemAvailable=117352MB（累计用 6355MB）
[density] 实例 #161 就绪，MemAvailable=117352MB（累计用 6355MB）
[density] 实例 #162 就绪，MemAvailable=117353MB（累计用 6354MB）
[density] 实例 #163 就绪，MemAvailable=117355MB（累计用 6352MB）
[density] 实例 #164 就绪，MemAvailable=117355MB（累计用 6352MB）
[density] 实例 #165 就绪，MemAvailable=117354MB（累计用 6353MB）
[density] 实例 #166 就绪，MemAvailable=117354MB（累计用 6353MB）
[density] 实例 #167 就绪，MemAvailable=117355MB（累计用 6352MB）
[density] 实例 #168 就绪，MemAvailable=117352MB（累计用 6355MB）
[density] 实例 #169 就绪，MemAvailable=117353MB（累计用 6354MB）
[density] 实例 #170 就绪，MemAvailable=117354MB（累计用 6353MB）
[density] 实例 #171 就绪，MemAvailable=117354MB（累计用 6353MB）
[density] 实例 #172 就绪，MemAvailable=117353MB（累计用 6354MB）
[density] 实例 #173 就绪，MemAvailable=117353MB（累计用 6354MB）
[density] 实例 #174 就绪，MemAvailable=117352MB（累计用 6355MB）
[density] 实例 #175 就绪，MemAvailable=117350MB（累计用 6357MB）
[density] 实例 #176 就绪，MemAvailable=117353MB（累计用 6354MB）
[density] 实例 #177 就绪，MemAvailable=117350MB（累计用 6357MB）
[density] 实例 #178 就绪，MemAvailable=117351MB（累计用 6356MB）
[density] 实例 #179 就绪，MemAvailable=117350MB（累计用 6357MB）
[density] 实例 #180 就绪，MemAvailable=117350MB（累计用 6357MB）
[density] 实例 #181 就绪，MemAvailable=117350MB（累计用 6357MB）
[density] 实例 #182 就绪，MemAvailable=117348MB（累计用 6359MB）
[density] 实例 #183 就绪，MemAvailable=117346MB（累计用 6361MB）
[density] 实例 #184 就绪，MemAvailable=117345MB（累计用 6362MB）
[density] 实例 #185 就绪，MemAvailable=117344MB（累计用 6363MB）
[density] 实例 #186 就绪，MemAvailable=117344MB（累计用 6363MB）
[density] 实例 #187 就绪，MemAvailable=117344MB（累计用 6363MB）
[density] 实例 #188 就绪，MemAvailable=117343MB（累计用 6364MB）
[density] 实例 #189 就绪，MemAvailable=117341MB（累计用 6366MB）
[density] 实例 #190 就绪，MemAvailable=117341MB（累计用 6366MB）
[density] 实例 #191 就绪，MemAvailable=117341MB（累计用 6366MB）
[density] 实例 #192 就绪，MemAvailable=117341MB（累计用 6366MB）
[density] 实例 #193 就绪，MemAvailable=117342MB（累计用 6365MB）
[density] 实例 #194 就绪，MemAvailable=117343MB（累计用 6364MB）
[density] 实例 #195 就绪，MemAvailable=117342MB（累计用 6365MB）
[density] 实例 #196 就绪，MemAvailable=117343MB（累计用 6364MB）
[density] 实例 #197 就绪，MemAvailable=117344MB（累计用 6363MB）
[density] 实例 #198 就绪，MemAvailable=117342MB（累计用 6365MB）
[density] 实例 #199 就绪，MemAvailable=117343MB（累计用 6364MB）
[density] 实例 #200 就绪，MemAvailable=117343MB（累计用 6364MB）
[density] 实例 #201 就绪，MemAvailable=117343MB（累计用 6364MB）
[density] 实例 #202 就绪，MemAvailable=117342MB（累计用 6365MB）
[density] 实例 #203 就绪，MemAvailable=117341MB（累计用 6366MB）
[density] 实例 #204 就绪，MemAvailable=117343MB（累计用 6364MB）
[density] 实例 #205 就绪，MemAvailable=117342MB（累计用 6365MB）
[density] 实例 #206 就绪，MemAvailable=117345MB（累计用 6362MB）
[density] 实例 #207 就绪，MemAvailable=117344MB（累计用 6363MB）
[density] 实例 #208 就绪，MemAvailable=117342MB（累计用 6365MB）
[density] 实例 #209 就绪，MemAvailable=117340MB（累计用 6367MB）
[density] 实例 #210 就绪，MemAvailable=117340MB（累计用 6367MB）
[density] 实例 #211 就绪，MemAvailable=117341MB（累计用 6366MB）
[density] 实例 #212 就绪，MemAvailable=117339MB（累计用 6368MB）
[density] 实例 #213 就绪，MemAvailable=117341MB（累计用 6366MB）
[density] 实例 #214 就绪，MemAvailable=117341MB（累计用 6366MB）
[density] 实例 #215 就绪，MemAvailable=117339MB（累计用 6368MB）
[density] 实例 #216 就绪，MemAvailable=117341MB（累计用 6366MB）
[density] 实例 #217 就绪，MemAvailable=117341MB（累计用 6366MB）
[density] 实例 #218 就绪，MemAvailable=117341MB（累计用 6366MB）
[density] 实例 #219 就绪，MemAvailable=117339MB（累计用 6368MB）
[density] 实例 #220 就绪，MemAvailable=117339MB（累计用 6368MB）
[density] 实例 #221 就绪，MemAvailable=117338MB（累计用 6369MB）
[density] 实例 #222 就绪，MemAvailable=117336MB（累计用 6371MB）
[density] 实例 #223 就绪，MemAvailable=117337MB（累计用 6370MB）
[density] 实例 #224 就绪，MemAvailable=117335MB（累计用 6372MB）
[density] 实例 #225 就绪，MemAvailable=117334MB（累计用 6373MB）
[density] 实例 #226 就绪，MemAvailable=117337MB（累计用 6370MB）
[density] 实例 #227 就绪，MemAvailable=117335MB（累计用 6372MB）
[density] 实例 #228 就绪，MemAvailable=117333MB（累计用 6374MB）
[density] 实例 #229 就绪，MemAvailable=117333MB（累计用 6374MB）
[density] 实例 #230 就绪，MemAvailable=117332MB（累计用 6375MB）
[density] 实例 #231 就绪，MemAvailable=117330MB（累计用 6377MB）
[density] 实例 #232 就绪，MemAvailable=117330MB（累计用 6377MB）
[density] 实例 #233 就绪，MemAvailable=117330MB（累计用 6377MB）
[density] 实例 #234 就绪，MemAvailable=117328MB（累计用 6379MB）
[density] 实例 #235 就绪，MemAvailable=117328MB（累计用 6379MB）
[density] 实例 #236 就绪，MemAvailable=117330MB（累计用 6377MB）
[density] 实例 #237 就绪，MemAvailable=117329MB（累计用 6378MB）
[density] 实例 #238 就绪，MemAvailable=117330MB（累计用 6377MB）
[density] 实例 #239 就绪，MemAvailable=117328MB（累计用 6379MB）
[density] 实例 #240 就绪，MemAvailable=117324MB（累计用 6383MB）
[density] 实例 #241 就绪，MemAvailable=117323MB（累计用 6384MB）
[density] 实例 #242 就绪，MemAvailable=117322MB（累计用 6385MB）
[density] 实例 #243 就绪，MemAvailable=117323MB（累计用 6384MB）
[density] 实例 #244 就绪，MemAvailable=117323MB（累计用 6384MB）
[density] 实例 #245 就绪，MemAvailable=117321MB（累计用 6386MB）
[density] 实例 #246 就绪，MemAvailable=117324MB（累计用 6383MB）
[density] 实例 #247 就绪，MemAvailable=117321MB（累计用 6386MB）
[density] 实例 #248 就绪，MemAvailable=117318MB（累计用 6389MB）
[density] 实例 #249 就绪，MemAvailable=117316MB（累计用 6391MB）
[density] 实例 #250 就绪，MemAvailable=117317MB（累计用 6390MB）
[density] 实例 #251 就绪，MemAvailable=117317MB（累计用 6390MB）
[density] 实例 #252 就绪，MemAvailable=117317MB（累计用 6390MB）
[density] 实例 #253 就绪，MemAvailable=117317MB（累计用 6390MB）
[density] 实例 #254 就绪，MemAvailable=117314MB（累计用 6393MB）
[density] 实例 #255 就绪，MemAvailable=117314MB（累计用 6393MB）
[density] 实例 #256 就绪，MemAvailable=117316MB（累计用 6391MB）
[density] 实例 #257 就绪，MemAvailable=117313MB（累计用 6394MB）
[density] 实例 #258 就绪，MemAvailable=117313MB（累计用 6394MB）
[density] 实例 #259 就绪，MemAvailable=117311MB（累计用 6396MB）
[density] 实例 #260 就绪，MemAvailable=117312MB（累计用 6395MB）
[density] 实例 #261 就绪，MemAvailable=117310MB（累计用 6397MB）
[density] 实例 #262 就绪，MemAvailable=117312MB（累计用 6395MB）
[density] 实例 #263 就绪，MemAvailable=117313MB（累计用 6394MB）
[density] 实例 #264 就绪，MemAvailable=117314MB（累计用 6393MB）
[density] 实例 #265 就绪，MemAvailable=117314MB（累计用 6393MB）
[density] 实例 #266 就绪，MemAvailable=117315MB（累计用 6392MB）
[density] 实例 #267 就绪，MemAvailable=117316MB（累计用 6391MB）
[density] 实例 #268 就绪，MemAvailable=117318MB（累计用 6389MB）
[density] 实例 #269 就绪，MemAvailable=117319MB（累计用 6388MB）
[density] 实例 #270 就绪，MemAvailable=117320MB（累计用 6387MB）
[density] 实例 #271 就绪，MemAvailable=117316MB（累计用 6391MB）
[density] 实例 #272 就绪，MemAvailable=117316MB（累计用 6391MB）
[density] 实例 #273 就绪，MemAvailable=117318MB（累计用 6389MB）
[density] 实例 #274 就绪，MemAvailable=117319MB（累计用 6388MB）
[density] 实例 #275 就绪，MemAvailable=117321MB（累计用 6386MB）
[density] 实例 #276 就绪，MemAvailable=117320MB（累计用 6387MB）
[density] 实例 #277 就绪，MemAvailable=117321MB（累计用 6386MB）
[density] 实例 #278 就绪，MemAvailable=117322MB（累计用 6385MB）
[density] 实例 #279 就绪，MemAvailable=117322MB（累计用 6385MB）
[density] 实例 #280 就绪，MemAvailable=117322MB（累计用 6385MB）
[density] 实例 #281 就绪，MemAvailable=117319MB（累计用 6388MB）
[density] 实例 #282 就绪，MemAvailable=117318MB（累计用 6389MB）
[density] 实例 #283 就绪，MemAvailable=117320MB（累计用 6387MB）
[density] 实例 #284 就绪，MemAvailable=117320MB（累计用 6387MB）
[density] 实例 #285 就绪，MemAvailable=117318MB（累计用 6389MB）
[density] 实例 #286 就绪，MemAvailable=117318MB（累计用 6389MB）
[density] 实例 #287 就绪，MemAvailable=117316MB（累计用 6391MB）
[density] 实例 #288 就绪，MemAvailable=117317MB（累计用 6390MB）
[density] 实例 #289 就绪，MemAvailable=117316MB（累计用 6391MB）
[density] 实例 #290 就绪，MemAvailable=117316MB（累计用 6391MB）
[density] 实例 #291 就绪，MemAvailable=117320MB（累计用 6387MB）
[density] 实例 #292 就绪，MemAvailable=117320MB（累计用 6387MB）
[density] 实例 #293 就绪，MemAvailable=117319MB（累计用 6388MB）
[density] 实例 #294 就绪，MemAvailable=117320MB（累计用 6387MB）
[density] 实例 #295 就绪，MemAvailable=117319MB（累计用 6388MB）
[density] 实例 #296 就绪，MemAvailable=117321MB（累计用 6386MB）
[density] 实例 #297 就绪，MemAvailable=117320MB（累计用 6387MB）
[density] 实例 #298 就绪，MemAvailable=117320MB（累计用 6387MB）
[density] 实例 #299 就绪，MemAvailable=117320MB（累计用 6387MB）
[density] 实例 #300 就绪，MemAvailable=117318MB（累计用 6389MB）
[density] 实例 #301 就绪，MemAvailable=117319MB（累计用 6388MB）
[density] 实例 #302 就绪，MemAvailable=117319MB（累计用 6388MB）
[density] 实例 #303 就绪，MemAvailable=117321MB（累计用 6386MB）
[density] 实例 #304 就绪，MemAvailable=117323MB（累计用 6384MB）
[density] 实例 #305 就绪，MemAvailable=117320MB（累计用 6387MB）
[density] 实例 #306 就绪，MemAvailable=117324MB（累计用 6383MB）
[density] 实例 #307 就绪，MemAvailable=117324MB（累计用 6383MB）
[density] 实例 #308 就绪，MemAvailable=117323MB（累计用 6384MB）
[density] 实例 #309 就绪，MemAvailable=117321MB（累计用 6386MB）
[density] 实例 #310 就绪，MemAvailable=117322MB（累计用 6385MB）
[density] 实例 #311 就绪，MemAvailable=117321MB（累计用 6386MB）
[density] 实例 #312 就绪，MemAvailable=117321MB（累计用 6386MB）
[density] 实例 #313 就绪，MemAvailable=117321MB（累计用 6386MB）
[density] 实例 #314 就绪，MemAvailable=117319MB（累计用 6388MB）
[density] 实例 #315 就绪，MemAvailable=117322MB（累计用 6385MB）
[density] 实例 #316 就绪，MemAvailable=117321MB（累计用 6386MB）
[density] 实例 #317 就绪，MemAvailable=117319MB（累计用 6388MB）
[density] 实例 #318 就绪，MemAvailable=117318MB（累计用 6389MB）
[density] 实例 #319 就绪，MemAvailable=117317MB（累计用 6390MB）
[density] 实例 #320 就绪，MemAvailable=117315MB（累计用 6392MB）
[density] 实例 #321 就绪，MemAvailable=117315MB（累计用 6392MB）
[density] 实例 #322 就绪，MemAvailable=117317MB（累计用 6390MB）
[density] 实例 #323 就绪，MemAvailable=117315MB（累计用 6392MB）
[density] 实例 #324 就绪，MemAvailable=117316MB（累计用 6391MB）
[density] 实例 #325 就绪，MemAvailable=117316MB（累计用 6391MB）
[density] 实例 #326 就绪，MemAvailable=117313MB（累计用 6394MB）
[density] 实例 #327 就绪，MemAvailable=117312MB（累计用 6395MB）
[density] 实例 #328 就绪，MemAvailable=117317MB（累计用 6390MB）
[density] 实例 #329 就绪，MemAvailable=117318MB（累计用 6389MB）
[density] 实例 #330 就绪，MemAvailable=117318MB（累计用 6389MB）
[density] 实例 #331 就绪，MemAvailable=117317MB（累计用 6390MB）
[density] 实例 #332 就绪，MemAvailable=117317MB（累计用 6390MB）
[density] 实例 #333 就绪，MemAvailable=117317MB（累计用 6390MB）
[density] 实例 #334 就绪，MemAvailable=117318MB（累计用 6389MB）
[density] 实例 #335 就绪，MemAvailable=117317MB（累计用 6390MB）
[density] 实例 #336 就绪，MemAvailable=117315MB（累计用 6392MB）
[density] 实例 #337 就绪，MemAvailable=117317MB（累计用 6390MB）
[density] 实例 #338 就绪，MemAvailable=117317MB（累计用 6390MB）
[density] 实例 #339 就绪，MemAvailable=117316MB（累计用 6391MB）
[density] 实例 #340 就绪，MemAvailable=117316MB（累计用 6391MB）
[density] 实例 #341 就绪，MemAvailable=117316MB（累计用 6391MB）
[density] 实例 #342 就绪，MemAvailable=117315MB（累计用 6392MB）
[density] 实例 #343 就绪，MemAvailable=117314MB（累计用 6393MB）
[density] 实例 #344 就绪，MemAvailable=117316MB（累计用 6391MB）
[density] 实例 #345 就绪，MemAvailable=117318MB（累计用 6389MB）
[density] 实例 #346 就绪，MemAvailable=117318MB（累计用 6389MB）
[density] 实例 #347 就绪，MemAvailable=117316MB（累计用 6391MB）
[density] 实例 #348 就绪，MemAvailable=117318MB（累计用 6389MB）
[density] 实例 #349 就绪，MemAvailable=117318MB（累计用 6389MB）
[density] 实例 #350 就绪，MemAvailable=117320MB（累计用 6387MB）
[density] 实例 #351 就绪，MemAvailable=117318MB（累计用 6389MB）
[density] 实例 #352 就绪，MemAvailable=117320MB（累计用 6387MB）
[density] 实例 #353 就绪，MemAvailable=117318MB（累计用 6389MB）
[density] 实例 #354 就绪，MemAvailable=117321MB（累计用 6386MB）
[density] 实例 #355 就绪，MemAvailable=117319MB（累计用 6388MB）
[density] 实例 #356 就绪，MemAvailable=117321MB（累计用 6386MB）
[density] 实例 #357 就绪，MemAvailable=117322MB（累计用 6385MB）
[density] 实例 #358 就绪，MemAvailable=117322MB（累计用 6385MB）
[density] 实例 #359 就绪，MemAvailable=117321MB（累计用 6386MB）
[density] 实例 #360 就绪，MemAvailable=117320MB（累计用 6387MB）
[density] 实例 #361 就绪，MemAvailable=117322MB（累计用 6385MB）
[density] 实例 #362 就绪，MemAvailable=117320MB（累计用 6387MB）
[density] 实例 #363 就绪，MemAvailable=117320MB（累计用 6387MB）
[density] 实例 #364 就绪，MemAvailable=117321MB（累计用 6386MB）
[density] 实例 #365 就绪，MemAvailable=117321MB（累计用 6386MB）
[density] 实例 #366 就绪，MemAvailable=117319MB（累计用 6388MB）
[density] 实例 #367 就绪，MemAvailable=117318MB（累计用 6389MB）
[density] 实例 #368 就绪，MemAvailable=117318MB（累计用 6389MB）
[density] 实例 #369 就绪，MemAvailable=117320MB（累计用 6387MB）
[density] 实例 #370 就绪，MemAvailable=117317MB（累计用 6390MB）
[density] 实例 #371 就绪，MemAvailable=117316MB（累计用 6391MB）
[density] 实例 #372 就绪，MemAvailable=117314MB（累计用 6393MB）
[density] 实例 #373 就绪，MemAvailable=117310MB（累计用 6397MB）
[density] 实例 #374 就绪，MemAvailable=117313MB（累计用 6394MB）
[density] 实例 #375 就绪，MemAvailable=117314MB（累计用 6393MB）
[density] 实例 #376 就绪，MemAvailable=117315MB（累计用 6392MB）
[density] 实例 #377 就绪，MemAvailable=117314MB（累计用 6393MB）
[density] 实例 #378 就绪，MemAvailable=117311MB（累计用 6396MB）
[density] 实例 #379 就绪，MemAvailable=117313MB（累计用 6394MB）
[density] 实例 #380 就绪，MemAvailable=117312MB（累计用 6395MB）
[density] 实例 #381 就绪，MemAvailable=117313MB（累计用 6394MB）
[density] 实例 #382 就绪，MemAvailable=117312MB（累计用 6395MB）
[density] 实例 #383 就绪，MemAvailable=117313MB（累计用 6394MB）
[density] 实例 #384 就绪，MemAvailable=117312MB（累计用 6395MB）
[density] 实例 #385 就绪，MemAvailable=117313MB（累计用 6394MB）
[density] 实例 #386 就绪，MemAvailable=117314MB（累计用 6393MB）
[density] 实例 #387 就绪，MemAvailable=117312MB（累计用 6395MB）
[density] 实例 #388 就绪，MemAvailable=117315MB（累计用 6392MB）
[density] 实例 #389 就绪，MemAvailable=117318MB（累计用 6389MB）
[density] 实例 #390 就绪，MemAvailable=117318MB（累计用 6389MB）
[density] 实例 #391 就绪，MemAvailable=117320MB（累计用 6387MB）
[density] 实例 #392 就绪，MemAvailable=117319MB（累计用 6388MB）
[density] 实例 #393 就绪，MemAvailable=117321MB（累计用 6386MB）
[density] 实例 #394 就绪，MemAvailable=117322MB（累计用 6385MB）
[density] 实例 #395 就绪，MemAvailable=117322MB（累计用 6385MB）
[density] 实例 #396 就绪，MemAvailable=117320MB（累计用 6387MB）
[density] 实例 #397 就绪，MemAvailable=117321MB（累计用 6386MB）
[density] 实例 #398 就绪，MemAvailable=117318MB（累计用 6389MB）
[density] 实例 #399 就绪，MemAvailable=117318MB（累计用 6389MB）
[density] 实例 #400 就绪，MemAvailable=117318MB（累计用 6389MB）
[density] 实例 #401 就绪，MemAvailable=117318MB（累计用 6389MB）
[density] 实例 #402 就绪，MemAvailable=117319MB（累计用 6388MB）
[density] 实例 #403 就绪，MemAvailable=117319MB（累计用 6388MB）
[density] 实例 #404 就绪，MemAvailable=117315MB（累计用 6392MB）
[density] 实例 #405 就绪，MemAvailable=117314MB（累计用 6393MB）
[density] 实例 #406 就绪，MemAvailable=117313MB（累计用 6394MB）
[density] 实例 #407 就绪，MemAvailable=117316MB（累计用 6391MB）
[density] 实例 #408 就绪，MemAvailable=117315MB（累计用 6392MB）
[density] 实例 #409 就绪，MemAvailable=117315MB（累计用 6392MB）
[density] 实例 #410 就绪，MemAvailable=117313MB（累计用 6394MB）
[density] 实例 #411 就绪，MemAvailable=117316MB（累计用 6391MB）
[density] 实例 #412 就绪，MemAvailable=117317MB（累计用 6390MB）
[density] 实例 #413 就绪，MemAvailable=117314MB（累计用 6393MB）
[density] 实例 #414 就绪，MemAvailable=117316MB（累计用 6391MB）
[density] 实例 #415 就绪，MemAvailable=117314MB（累计用 6393MB）
[density] 实例 #416 就绪，MemAvailable=117313MB（累计用 6394MB）
[density] 实例 #417 就绪，MemAvailable=117311MB（累计用 6396MB）
[density] 实例 #418 就绪，MemAvailable=117310MB（累计用 6397MB）
[density] 实例 #419 就绪，MemAvailable=117309MB（累计用 6398MB）
[density] 实例 #420 就绪，MemAvailable=117310MB（累计用 6397MB）
[density] 实例 #421 就绪，MemAvailable=117311MB（累计用 6396MB）
[density] 实例 #422 就绪，MemAvailable=117308MB（累计用 6399MB）
[density] 实例 #423 就绪，MemAvailable=117306MB（累计用 6401MB）
[density] 实例 #424 就绪，MemAvailable=117307MB（累计用 6400MB）
[density] 实例 #425 就绪，MemAvailable=117307MB（累计用 6400MB）
[density] 实例 #426 就绪，MemAvailable=117304MB（累计用 6403MB）
[density] 实例 #427 就绪，MemAvailable=117304MB（累计用 6403MB）
[density] 实例 #428 就绪，MemAvailable=117306MB（累计用 6401MB）
[density] 实例 #429 就绪，MemAvailable=117305MB（累计用 6402MB）
[density] 实例 #430 就绪，MemAvailable=117304MB（累计用 6403MB）
[density] 实例 #431 就绪，MemAvailable=117303MB（累计用 6404MB）
[density] 实例 #432 就绪，MemAvailable=117304MB（累计用 6403MB）
[density] 实例 #433 就绪，MemAvailable=117303MB（累计用 6404MB）
[density] 实例 #434 就绪，MemAvailable=117299MB（累计用 6408MB）
[density] 实例 #435 就绪，MemAvailable=117299MB（累计用 6408MB）
[density] 实例 #436 就绪，MemAvailable=117302MB（累计用 6405MB）
[density] 实例 #437 就绪，MemAvailable=117300MB（累计用 6407MB）
[density] 实例 #438 就绪，MemAvailable=117303MB（累计用 6404MB）
[density] 实例 #439 就绪，MemAvailable=117302MB（累计用 6405MB）
[density] 实例 #440 就绪，MemAvailable=117301MB（累计用 6406MB）
[density] 实例 #441 就绪，MemAvailable=117299MB（累计用 6408MB）
[density] 实例 #442 就绪，MemAvailable=117301MB（累计用 6406MB）
[density] 实例 #443 就绪，MemAvailable=117303MB（累计用 6404MB）
[density] 实例 #444 就绪，MemAvailable=117305MB（累计用 6402MB）
[density] 实例 #445 就绪，MemAvailable=117306MB（累计用 6401MB）
[density] 实例 #446 就绪，MemAvailable=117305MB（累计用 6402MB）
[density] 实例 #447 就绪，MemAvailable=117303MB（累计用 6404MB）
[density] 实例 #448 就绪，MemAvailable=117296MB（累计用 6411MB）
[density] 实例 #449 就绪，MemAvailable=117293MB（累计用 6414MB）
[density] 实例 #450 就绪，MemAvailable=117292MB（累计用 6415MB）
[density] 实例 #451 就绪，MemAvailable=117293MB（累计用 6414MB）
[density] 实例 #452 就绪，MemAvailable=117292MB（累计用 6415MB）
[density] 实例 #453 就绪，MemAvailable=117295MB（累计用 6412MB）
[density] 实例 #454 就绪，MemAvailable=117296MB（累计用 6411MB）
[density] 实例 #455 就绪，MemAvailable=117295MB（累计用 6412MB）
[density] 实例 #456 就绪，MemAvailable=117295MB（累计用 6412MB）
[density] 实例 #457 就绪，MemAvailable=117296MB（累计用 6411MB）
[density] 实例 #458 就绪，MemAvailable=117294MB（累计用 6413MB）
[density] 实例 #459 就绪，MemAvailable=117294MB（累计用 6413MB）
[density] 实例 #460 就绪，MemAvailable=117293MB（累计用 6414MB）
[density] 实例 #461 就绪，MemAvailable=117295MB（累计用 6412MB）
[density] 实例 #462 就绪，MemAvailable=117294MB（累计用 6413MB）
[density] 实例 #463 就绪，MemAvailable=117299MB（累计用 6408MB）
[density] 实例 #464 就绪，MemAvailable=117298MB（累计用 6409MB）
[density] 实例 #465 就绪，MemAvailable=117299MB（累计用 6408MB）
[density] 实例 #466 就绪，MemAvailable=117298MB（累计用 6409MB）
[density] 实例 #467 就绪，MemAvailable=117299MB（累计用 6408MB）
[density] 实例 #468 就绪，MemAvailable=117299MB（累计用 6408MB）
[density] 实例 #469 就绪，MemAvailable=117297MB（累计用 6410MB）
[density] 实例 #470 就绪，MemAvailable=117297MB（累计用 6410MB）
[density] 实例 #471 就绪，MemAvailable=117298MB（累计用 6409MB）
[density] 实例 #472 就绪，MemAvailable=117297MB（累计用 6410MB）
[density] 实例 #473 就绪，MemAvailable=117297MB（累计用 6410MB）
[density] 实例 #474 就绪，MemAvailable=117296MB（累计用 6411MB）
[density] 实例 #475 就绪，MemAvailable=117297MB（累计用 6410MB）
[density] 实例 #476 就绪，MemAvailable=117297MB（累计用 6410MB）
[density] 实例 #477 就绪，MemAvailable=117294MB（累计用 6413MB）
[density] 实例 #478 就绪，MemAvailable=117295MB（累计用 6412MB）
[density] 实例 #479 就绪，MemAvailable=117294MB（累计用 6413MB）
[density] 实例 #480 就绪，MemAvailable=117292MB（累计用 6415MB）
[density] 实例 #481 就绪，MemAvailable=117292MB（累计用 6415MB）
[density] 实例 #482 就绪，MemAvailable=117294MB（累计用 6413MB）
[density] 实例 #483 就绪，MemAvailable=117294MB（累计用 6413MB）
[density] 实例 #484 就绪，MemAvailable=117294MB（累计用 6413MB）
[density] 实例 #485 就绪，MemAvailable=117296MB（累计用 6411MB）
[density] 实例 #486 就绪，MemAvailable=117297MB（累计用 6410MB）
[density] 实例 #487 就绪，MemAvailable=117297MB（累计用 6410MB）
[density] 实例 #488 就绪，MemAvailable=117296MB（累计用 6411MB）
[density] 实例 #489 就绪，MemAvailable=117299MB（累计用 6408MB）
[density] 实例 #490 就绪，MemAvailable=117298MB（累计用 6409MB）
[density] 实例 #491 就绪，MemAvailable=117297MB（累计用 6410MB）
[density] 实例 #492 就绪，MemAvailable=117300MB（累计用 6407MB）
[density] 实例 #493 就绪，MemAvailable=117301MB（累计用 6406MB）
[density] 实例 #494 就绪，MemAvailable=117298MB（累计用 6409MB）
[density] 实例 #495 就绪，MemAvailable=117299MB（累计用 6408MB）
[density] 实例 #496 就绪，MemAvailable=117301MB（累计用 6406MB）
[density] 实例 #497 就绪，MemAvailable=117299MB（累计用 6408MB）
[density] 实例 #498 就绪，MemAvailable=117297MB（累计用 6410MB）
[density] 实例 #499 就绪，MemAvailable=117295MB（累计用 6412MB）
[density] 实例 #500 就绪，MemAvailable=117295MB（累计用 6412MB）
[density] 实例 #501 就绪，MemAvailable=117294MB（累计用 6413MB）
[density] 实例 #502 就绪，MemAvailable=117292MB（累计用 6415MB）
[density] 实例 #503 就绪，MemAvailable=117291MB（累计用 6416MB）
[density] 实例 #504 就绪，MemAvailable=117291MB（累计用 6416MB）
[density] 实例 #505 就绪，MemAvailable=117294MB（累计用 6413MB）
[density] 实例 #506 就绪，MemAvailable=117295MB（累计用 6412MB）
[density] 实例 #507 就绪，MemAvailable=117299MB（累计用 6408MB）
[density] 实例 #508 就绪，MemAvailable=117300MB（累计用 6407MB）
[density] 实例 #509 就绪，MemAvailable=117299MB（累计用 6408MB）
[density] 实例 #510 就绪，MemAvailable=117297MB（累计用 6410MB）
[density] 实例 #511 就绪，MemAvailable=117295MB（累计用 6412MB）
[density] 实例 #512 就绪，MemAvailable=117295MB（累计用 6412MB）
[density] 实例 #513 就绪，MemAvailable=117293MB（累计用 6414MB）
[density] 实例 #514 就绪，MemAvailable=117294MB（累计用 6413MB）
[density] 实例 #515 就绪，MemAvailable=117294MB（累计用 6413MB）
[density] 实例 #516 就绪，MemAvailable=117294MB（累计用 6413MB）
[density] 实例 #517 就绪，MemAvailable=117296MB（累计用 6411MB）
[density] 实例 #518 就绪，MemAvailable=117296MB（累计用 6411MB）
[density] 实例 #519 就绪，MemAvailable=117293MB（累计用 6414MB）
[density] 实例 #520 就绪，MemAvailable=117293MB（累计用 6414MB）
[density] 实例 #521 就绪，MemAvailable=117296MB（累计用 6411MB）
[density] 实例 #522 就绪，MemAvailable=117299MB（累计用 6408MB）
[density] 实例 #523 就绪，MemAvailable=117300MB（累计用 6407MB）
[density] 实例 #524 就绪，MemAvailable=117300MB（累计用 6407MB）
[density] 实例 #525 就绪，MemAvailable=117299MB（累计用 6408MB）
[density] 实例 #526 就绪，MemAvailable=117298MB（累计用 6409MB）
[density] 实例 #527 就绪，MemAvailable=117297MB（累计用 6410MB）
[density] 实例 #528 就绪，MemAvailable=117298MB（累计用 6409MB）
[density] 实例 #529 就绪，MemAvailable=117299MB（累计用 6408MB）
[density] 实例 #530 就绪，MemAvailable=117299MB（累计用 6408MB）
[density] 实例 #531 就绪，MemAvailable=117298MB（累计用 6409MB）
[density] 实例 #532 就绪，MemAvailable=117298MB（累计用 6409MB）
[density] 实例 #533 就绪，MemAvailable=117300MB（累计用 6407MB）
[density] 实例 #534 就绪，MemAvailable=117299MB（累计用 6408MB）
[density] 实例 #535 就绪，MemAvailable=117299MB（累计用 6408MB）
[density] 实例 #536 就绪，MemAvailable=117299MB（累计用 6408MB）
[density] 实例 #537 就绪，MemAvailable=117298MB（累计用 6409MB）
[density] 实例 #538 就绪，MemAvailable=117297MB（累计用 6410MB）
[density] 实例 #539 就绪，MemAvailable=117297MB（累计用 6410MB）
[density] 实例 #540 就绪，MemAvailable=117297MB（累计用 6410MB）
[density] 实例 #541 就绪，MemAvailable=117298MB（累计用 6409MB）
[density] 实例 #542 就绪，MemAvailable=117300MB（累计用 6407MB）
[density] 实例 #543 就绪，MemAvailable=117300MB（累计用 6407MB）
[density] 实例 #544 就绪，MemAvailable=117300MB（累计用 6407MB）
[density] 实例 #545 就绪，MemAvailable=117299MB（累计用 6408MB）
[density] 实例 #546 就绪，MemAvailable=117301MB（累计用 6406MB）
[density] 实例 #547 就绪，MemAvailable=117301MB（累计用 6406MB）
[density] 实例 #548 就绪，MemAvailable=117300MB（累计用 6407MB）
[density] 实例 #549 就绪，MemAvailable=117302MB（累计用 6405MB）
[density] 实例 #550 就绪，MemAvailable=117302MB（累计用 6405MB）
[density] 实例 #551 就绪，MemAvailable=117300MB（累计用 6407MB）
[density] 实例 #552 就绪，MemAvailable=117302MB（累计用 6405MB）
[density] 实例 #553 就绪，MemAvailable=117305MB（累计用 6402MB）
[density] 实例 #554 就绪，MemAvailable=117304MB（累计用 6403MB）
[density] 实例 #555 就绪，MemAvailable=117304MB（累计用 6403MB）
[density] 实例 #556 就绪，MemAvailable=117303MB（累计用 6404MB）
[density] 实例 #557 就绪，MemAvailable=117301MB（累计用 6406MB）
[density] 实例 #558 就绪，MemAvailable=117299MB（累计用 6408MB）
[density] 实例 #559 就绪，MemAvailable=117298MB（累计用 6409MB）
[density] 实例 #560 就绪，MemAvailable=117299MB（累计用 6408MB）
[density] 实例 #561 就绪，MemAvailable=117297MB（累计用 6410MB）
[density] 实例 #562 就绪，MemAvailable=117297MB（累计用 6410MB）
[density] 实例 #563 就绪，MemAvailable=117299MB（累计用 6408MB）
[density] 实例 #564 就绪，MemAvailable=117298MB（累计用 6409MB）
[density] 实例 #565 就绪，MemAvailable=117298MB（累计用 6409MB）
[density] 实例 #566 就绪，MemAvailable=117298MB（累计用 6409MB）
[density] 实例 #567 就绪，MemAvailable=117298MB（累计用 6409MB）
[density] 实例 #568 就绪，MemAvailable=117302MB（累计用 6405MB）
[density] 实例 #569 就绪，MemAvailable=117302MB（累计用 6405MB）
[density] 实例 #570 就绪，MemAvailable=117303MB（累计用 6404MB）
[density] 实例 #571 就绪，MemAvailable=117303MB（累计用 6404MB）
[density] 实例 #572 就绪，MemAvailable=117303MB（累计用 6404MB）
[density] 实例 #573 就绪，MemAvailable=117303MB（累计用 6404MB）
[density] 实例 #574 就绪，MemAvailable=117303MB（累计用 6404MB）
[density] 实例 #575 就绪，MemAvailable=117302MB（累计用 6405MB）
[density] 实例 #576 就绪，MemAvailable=117302MB（累计用 6405MB）
[density] 实例 #577 就绪，MemAvailable=117302MB（累计用 6405MB）
[density] 实例 #578 就绪，MemAvailable=117301MB（累计用 6406MB）
[density] 实例 #579 就绪，MemAvailable=117300MB（累计用 6407MB）
[density] 实例 #580 就绪，MemAvailable=117300MB（累计用 6407MB）
[density] 实例 #581 就绪，MemAvailable=117298MB（累计用 6409MB）
[density] 实例 #582 就绪，MemAvailable=117300MB（累计用 6407MB）
[density] 实例 #583 就绪，MemAvailable=117317MB（累计用 6390MB）
[density] 实例 #584 就绪，MemAvailable=117298MB（累计用 6409MB）
[density] 实例 #585 就绪，MemAvailable=117293MB（累计用 6414MB）
[density] 实例 #586 就绪，MemAvailable=117344MB（累计用 6363MB）
[density] 实例 #587 就绪，MemAvailable=117342MB（累计用 6365MB）
[density] 实例 #588 就绪，MemAvailable=117342MB（累计用 6365MB）
[density] 实例 #589 就绪，MemAvailable=117344MB（累计用 6363MB）
[density] 实例 #590 就绪，MemAvailable=117344MB（累计用 6363MB）
[density] 实例 #591 就绪，MemAvailable=117347MB（累计用 6360MB）
[density] 实例 #592 就绪，MemAvailable=117347MB（累计用 6360MB）
[density] 实例 #593 就绪，MemAvailable=117348MB（累计用 6359MB）
[density] 实例 #594 就绪，MemAvailable=117350MB（累计用 6357MB）
[density] 实例 #595 就绪，MemAvailable=117351MB（累计用 6356MB）
[density] 实例 #596 就绪，MemAvailable=117350MB（累计用 6357MB）
[density] 实例 #597 就绪，MemAvailable=117352MB（累计用 6355MB）
[density] 实例 #598 就绪，MemAvailable=117350MB（累计用 6357MB）
[density] 实例 #599 就绪，MemAvailable=117351MB（累计用 6356MB）
[density] 实例 #600 就绪，MemAvailable=117350MB（累计用 6357MB）
[density] 实例 #601 就绪，MemAvailable=117350MB（累计用 6357MB）
[density] 实例 #602 就绪，MemAvailable=117352MB（累计用 6355MB）
[density] 实例 #603 就绪，MemAvailable=117351MB（累计用 6356MB）
[density] 实例 #604 就绪，MemAvailable=117352MB（累计用 6355MB）
[density] 实例 #605 就绪，MemAvailable=117351MB（累计用 6356MB）
[density] 实例 #606 就绪，MemAvailable=117350MB（累计用 6357MB）
[density] 实例 #607 就绪，MemAvailable=117350MB（累计用 6357MB）
[density] 实例 #608 就绪，MemAvailable=117348MB（累计用 6359MB）
[density] 实例 #609 就绪，MemAvailable=117350MB（累计用 6357MB）
[density] 实例 #610 就绪，MemAvailable=117350MB（累计用 6357MB）
[density] 实例 #611 就绪，MemAvailable=117348MB（累计用 6359MB）
[density] 实例 #612 就绪，MemAvailable=117351MB（累计用 6356MB）
[density] 实例 #613 就绪，MemAvailable=117352MB（累计用 6355MB）
[density] 实例 #614 就绪，MemAvailable=117352MB（累计用 6355MB）
[density] 实例 #615 就绪，MemAvailable=117353MB（累计用 6354MB）
[density] 实例 #616 就绪，MemAvailable=117356MB（累计用 6351MB）
[density] 实例 #617 就绪，MemAvailable=117353MB（累计用 6354MB）
[density] 实例 #618 就绪，MemAvailable=117352MB（累计用 6355MB）
[density] 实例 #619 就绪，MemAvailable=117353MB（累计用 6354MB）
[density] 实例 #620 就绪，MemAvailable=117354MB（累计用 6353MB）
[density] 实例 #621 就绪，MemAvailable=117357MB（累计用 6350MB）
[density] 实例 #622 就绪，MemAvailable=117357MB（累计用 6350MB）
[density] 实例 #623 就绪，MemAvailable=117357MB（累计用 6350MB）
[density] 实例 #624 就绪，MemAvailable=117355MB（累计用 6352MB）
[density] 实例 #625 就绪，MemAvailable=117354MB（累计用 6353MB）
[density] 实例 #626 就绪，MemAvailable=117354MB（累计用 6353MB）
[density] 实例 #627 就绪，MemAvailable=117354MB（累计用 6353MB）
[density] 实例 #628 就绪，MemAvailable=117356MB（累计用 6351MB）
[density] 实例 #629 就绪，MemAvailable=117358MB（累计用 6349MB）
[density] 实例 #630 就绪，MemAvailable=117356MB（累计用 6351MB）
[density] 实例 #631 就绪，MemAvailable=117359MB（累计用 6348MB）
[density] 实例 #632 就绪，MemAvailable=117357MB（累计用 6350MB）
[density] 实例 #633 就绪，MemAvailable=117359MB（累计用 6348MB）
[density] 实例 #634 就绪，MemAvailable=117359MB（累计用 6348MB）
[density] 实例 #635 就绪，MemAvailable=117361MB（累计用 6346MB）
[density] 实例 #636 就绪，MemAvailable=117362MB（累计用 6345MB）
[density] 实例 #637 就绪，MemAvailable=117361MB（累计用 6346MB）
[density] 实例 #638 就绪，MemAvailable=117361MB（累计用 6346MB）
[density] 实例 #639 就绪，MemAvailable=117360MB（累计用 6347MB）
[density] 实例 #640 就绪，MemAvailable=117360MB（累计用 6347MB）
[density] 实例 #641 就绪，MemAvailable=117360MB（累计用 6347MB）
[density] 实例 #642 就绪，MemAvailable=117360MB（累计用 6347MB）
[density] 实例 #643 就绪，MemAvailable=117360MB（累计用 6347MB）
[density] 实例 #644 就绪，MemAvailable=117361MB（累计用 6346MB）
[density] 实例 #645 就绪，MemAvailable=117361MB（累计用 6346MB）
[density] 实例 #646 就绪，MemAvailable=117362MB（累计用 6345MB）
[density] 实例 #647 就绪，MemAvailable=117361MB（累计用 6346MB）
[density] 实例 #648 就绪，MemAvailable=117360MB（累计用 6347MB）
[density] 实例 #649 就绪，MemAvailable=117361MB（累计用 6346MB）
[density] 实例 #650 就绪，MemAvailable=117359MB（累计用 6348MB）
[density] 实例 #651 就绪，MemAvailable=117361MB（累计用 6346MB）
[density] 实例 #652 就绪，MemAvailable=117362MB（累计用 6345MB）
[density] 实例 #653 就绪，MemAvailable=117363MB（累计用 6344MB）
[density] 实例 #654 就绪，MemAvailable=117366MB（累计用 6341MB）
[density] 实例 #655 就绪，MemAvailable=117368MB（累计用 6339MB）
[density] 实例 #656 就绪，MemAvailable=117369MB（累计用 6338MB）
[density] 实例 #657 就绪，MemAvailable=117369MB（累计用 6338MB）
[density] 实例 #658 就绪，MemAvailable=117368MB（累计用 6339MB）
[density] 实例 #659 就绪，MemAvailable=117368MB（累计用 6339MB）
[density] 实例 #660 就绪，MemAvailable=117368MB（累计用 6339MB）
[density] 实例 #661 就绪，MemAvailable=117368MB（累计用 6339MB）
[density] 实例 #662 就绪，MemAvailable=117367MB（累计用 6340MB）
[density] 实例 #663 就绪，MemAvailable=117370MB（累计用 6337MB）
[density] 实例 #664 就绪，MemAvailable=117369MB（累计用 6338MB）
[density] 实例 #665 就绪，MemAvailable=117371MB（累计用 6336MB）
[density] 实例 #666 就绪，MemAvailable=117369MB（累计用 6338MB）
[density] 实例 #667 就绪，MemAvailable=117369MB（累计用 6338MB）
[density] 实例 #668 就绪，MemAvailable=117367MB（累计用 6340MB）
[density] 实例 #669 就绪，MemAvailable=117371MB（累计用 6336MB）
[density] 实例 #670 就绪，MemAvailable=117372MB（累计用 6335MB）
[density] 实例 #671 就绪，MemAvailable=117372MB（累计用 6335MB）
[density] 实例 #672 就绪，MemAvailable=117373MB（累计用 6334MB）
[density] 实例 #673 就绪，MemAvailable=117371MB（累计用 6336MB）
[density] 实例 #674 就绪，MemAvailable=117373MB（累计用 6334MB）
[density] 实例 #675 就绪，MemAvailable=117374MB（累计用 6333MB）
[density] 实例 #676 就绪，MemAvailable=117377MB（累计用 6330MB）
[density] 实例 #677 就绪，MemAvailable=117376MB（累计用 6331MB）
[density] 实例 #678 就绪，MemAvailable=117379MB（累计用 6328MB）
[density] 实例 #679 就绪，MemAvailable=117379MB（累计用 6328MB）
[density] 实例 #680 就绪，MemAvailable=117379MB（累计用 6328MB）
[density] 实例 #681 就绪，MemAvailable=117378MB（累计用 6329MB）
[density] 实例 #682 就绪，MemAvailable=117380MB（累计用 6327MB）
[density] 实例 #683 就绪，MemAvailable=117380MB（累计用 6327MB）
[density] 实例 #684 就绪，MemAvailable=117380MB（累计用 6327MB）
[density] 实例 #685 就绪，MemAvailable=117383MB（累计用 6324MB）
[density] 实例 #686 就绪，MemAvailable=117382MB（累计用 6325MB）
[density] 实例 #687 就绪，MemAvailable=117382MB（累计用 6325MB）
[density] 实例 #688 就绪，MemAvailable=117382MB（累计用 6325MB）
[density] 实例 #689 就绪，MemAvailable=117384MB（累计用 6323MB）
[density] 实例 #690 就绪，MemAvailable=117386MB（累计用 6321MB）
[density] 实例 #691 就绪，MemAvailable=117386MB（累计用 6321MB）
[density] 实例 #692 就绪，MemAvailable=117384MB（累计用 6323MB）
[density] 实例 #693 就绪，MemAvailable=117385MB（累计用 6322MB）
[density] 实例 #694 就绪，MemAvailable=117386MB（累计用 6321MB）
[density] 实例 #695 就绪，MemAvailable=117389MB（累计用 6318MB）
[density] 实例 #696 就绪，MemAvailable=117388MB（累计用 6319MB）
[density] 实例 #697 就绪，MemAvailable=117388MB（累计用 6319MB）
[density] 实例 #698 就绪，MemAvailable=117386MB（累计用 6321MB）
[density] 实例 #699 就绪，MemAvailable=117386MB（累计用 6321MB）
[density] 实例 #700 就绪，MemAvailable=117390MB（累计用 6317MB）
[density] 实例 #701 就绪，MemAvailable=117388MB（累计用 6319MB）
[density] 实例 #702 就绪，MemAvailable=117388MB（累计用 6319MB）
[density] 实例 #703 就绪，MemAvailable=117392MB（累计用 6315MB）
[density] 实例 #704 就绪，MemAvailable=117393MB（累计用 6314MB）
[density] 实例 #705 就绪，MemAvailable=117392MB（累计用 6315MB）
[density] 实例 #706 就绪，MemAvailable=117390MB（累计用 6317MB）
[density] 实例 #707 就绪，MemAvailable=117389MB（累计用 6318MB）
[density] 实例 #708 就绪，MemAvailable=117387MB（累计用 6320MB）
[density] 实例 #709 就绪，MemAvailable=117386MB（累计用 6321MB）
[density] 实例 #710 就绪，MemAvailable=117385MB（累计用 6322MB）
[density] 实例 #711 就绪，MemAvailable=117383MB（累计用 6324MB）
[density] 实例 #712 就绪，MemAvailable=117383MB（累计用 6324MB）
[density] 实例 #713 就绪，MemAvailable=117381MB（累计用 6326MB）
[density] 实例 #714 就绪，MemAvailable=117379MB（累计用 6328MB）
[density] 实例 #715 就绪，MemAvailable=117380MB（累计用 6327MB）
[density] 实例 #716 就绪，MemAvailable=117380MB（累计用 6327MB）
[density] 实例 #717 就绪，MemAvailable=117378MB（累计用 6329MB）
[density] 实例 #718 就绪，MemAvailable=117377MB（累计用 6330MB）
[density] 实例 #719 就绪，MemAvailable=117378MB（累计用 6329MB）
[density] 实例 #720 就绪，MemAvailable=117375MB（累计用 6332MB）
[density] 实例 #721 就绪，MemAvailable=117374MB（累计用 6333MB）
[density] 实例 #722 就绪，MemAvailable=117372MB（累计用 6335MB）
[density] 实例 #723 就绪，MemAvailable=117371MB（累计用 6336MB）
[density] 实例 #724 就绪，MemAvailable=117368MB（累计用 6339MB）
[density] 实例 #725 就绪，MemAvailable=117366MB（累计用 6341MB）
[density] 实例 #726 就绪，MemAvailable=117366MB（累计用 6341MB）
[density] 实例 #727 就绪，MemAvailable=117363MB（累计用 6344MB）
[density] 实例 #728 就绪，MemAvailable=117356MB（累计用 6351MB）
[density] 实例 #729 就绪，MemAvailable=117356MB（累计用 6351MB）
[density] 实例 #730 就绪，MemAvailable=117356MB（累计用 6351MB）
[density] 实例 #731 就绪，MemAvailable=117358MB（累计用 6349MB）
[density] 实例 #732 就绪，MemAvailable=117358MB（累计用 6349MB）
[density] 实例 #733 就绪，MemAvailable=117357MB（累计用 6350MB）
[density] 实例 #734 就绪，MemAvailable=117358MB（累计用 6349MB）
[density] 实例 #735 就绪，MemAvailable=117358MB（累计用 6349MB）
[density] 实例 #736 就绪，MemAvailable=117356MB（累计用 6351MB）
[density] 实例 #737 就绪，MemAvailable=117353MB（累计用 6354MB）
[density] 实例 #738 就绪，MemAvailable=117353MB（累计用 6354MB）
[density] 实例 #739 就绪，MemAvailable=117353MB（累计用 6354MB）
[density] 实例 #740 就绪，MemAvailable=117355MB（累计用 6352MB）
[density] 实例 #741 就绪，MemAvailable=117354MB（累计用 6353MB）
[density] 实例 #742 就绪，MemAvailable=117353MB（累计用 6354MB）
[density] 实例 #743 就绪，MemAvailable=117351MB（累计用 6356MB）
[density] 实例 #744 就绪，MemAvailable=117353MB（累计用 6354MB）
[density] 实例 #745 就绪，MemAvailable=117352MB（累计用 6355MB）
[density] 实例 #746 就绪，MemAvailable=117349MB（累计用 6358MB）
[density] 实例 #747 就绪，MemAvailable=117348MB（累计用 6359MB）
[density] 实例 #748 就绪，MemAvailable=117350MB（累计用 6357MB）
[density] 实例 #749 就绪，MemAvailable=117348MB（累计用 6359MB）
[density] 实例 #750 就绪，MemAvailable=117351MB（累计用 6356MB）
[density] 实例 #751 就绪，MemAvailable=117348MB（累计用 6359MB）
[density] 实例 #752 就绪，MemAvailable=117347MB（累计用 6360MB）
[density] 实例 #753 就绪，MemAvailable=117344MB（累计用 6363MB）
[density] 实例 #754 就绪，MemAvailable=117343MB（累计用 6364MB）
[density] 实例 #755 就绪，MemAvailable=117342MB（累计用 6365MB）
[density] 实例 #756 就绪，MemAvailable=117339MB（累计用 6368MB）
[density] 实例 #757 就绪，MemAvailable=117336MB（累计用 6371MB）
[density] 实例 #758 就绪，MemAvailable=117337MB（累计用 6370MB）
[density] 实例 #759 就绪，MemAvailable=117337MB（累计用 6370MB）
[density] 实例 #760 就绪，MemAvailable=117337MB（累计用 6370MB）
[density] 实例 #761 就绪，MemAvailable=117337MB（累计用 6370MB）
[density] 实例 #762 就绪，MemAvailable=117333MB（累计用 6374MB）
[density] 实例 #763 就绪，MemAvailable=117318MB（累计用 6389MB）
[density] 实例 #764 就绪，MemAvailable=117316MB（累计用 6391MB）
[density] 实例 #765 就绪，MemAvailable=117314MB（累计用 6393MB）
[density] 实例 #766 就绪，MemAvailable=117279MB（累计用 6428MB）
[density] 实例 #767 就绪，MemAvailable=117278MB（累计用 6429MB）
[density] 实例 #768 就绪，MemAvailable=117278MB（累计用 6429MB）
[density] 实例 #769 就绪，MemAvailable=117277MB（累计用 6430MB）
[density] 实例 #770 就绪，MemAvailable=117276MB（累计用 6431MB）
[density] 实例 #771 就绪，MemAvailable=117276MB（累计用 6431MB）
[density] 实例 #772 就绪，MemAvailable=117275MB（累计用 6432MB）
[density] 实例 #773 就绪，MemAvailable=117273MB（累计用 6434MB）
[density] 实例 #774 就绪，MemAvailable=117271MB（累计用 6436MB）
[density] 实例 #775 就绪，MemAvailable=117269MB（累计用 6438MB）
[density] 实例 #776 就绪，MemAvailable=117268MB（累计用 6439MB）
[density] 实例 #777 就绪，MemAvailable=117269MB（累计用 6438MB）
[density] 实例 #778 就绪，MemAvailable=117269MB（累计用 6438MB）
[density] 实例 #779 就绪，MemAvailable=117270MB（累计用 6437MB）
[density] 实例 #780 就绪，MemAvailable=117269MB（累计用 6438MB）
[density] 实例 #781 就绪，MemAvailable=117268MB（累计用 6439MB）
[density] 实例 #782 就绪，MemAvailable=117267MB（累计用 6440MB）
[density] 实例 #783 就绪，MemAvailable=117267MB（累计用 6440MB）
[density] 实例 #784 就绪，MemAvailable=117266MB（累计用 6441MB）
[density] 实例 #785 就绪，MemAvailable=117266MB（累计用 6441MB）
[density] 实例 #786 就绪，MemAvailable=117265MB（累计用 6442MB）
[density] 实例 #787 就绪，MemAvailable=117267MB（累计用 6440MB）
[density] 实例 #788 就绪，MemAvailable=117265MB（累计用 6442MB）
[density] 实例 #789 就绪，MemAvailable=117286MB（累计用 6421MB）
[density] 实例 #790 就绪，MemAvailable=117297MB（累计用 6410MB）
[density] 实例 #791 就绪，MemAvailable=117306MB（累计用 6401MB）
[density] 实例 #792 就绪，MemAvailable=117311MB（累计用 6396MB）
[density] 实例 #793 就绪，MemAvailable=117311MB（累计用 6396MB）
[density] 实例 #794 就绪，MemAvailable=117309MB（累计用 6398MB）
[density] 实例 #795 就绪，MemAvailable=117308MB（累计用 6399MB）
[density] 实例 #796 就绪，MemAvailable=117306MB（累计用 6401MB）
[density] 实例 #797 就绪，MemAvailable=117303MB（累计用 6404MB）
[density] 实例 #798 就绪，MemAvailable=117301MB（累计用 6406MB）
[density] 实例 #799 就绪，MemAvailable=117305MB（累计用 6402MB）
[density] 实例 #800 就绪，MemAvailable=117303MB（累计用 6404MB）
[density] 实例 #801 就绪，MemAvailable=117304MB（累计用 6403MB）
[density] 实例 #802 就绪，MemAvailable=117304MB（累计用 6403MB）
[density] 实例 #803 就绪，MemAvailable=117304MB（累计用 6403MB）
[density] 实例 #804 就绪，MemAvailable=117305MB（累计用 6402MB）
[density] 实例 #805 就绪，MemAvailable=117305MB（累计用 6402MB）
[density] 实例 #806 就绪，MemAvailable=117305MB（累计用 6402MB）
[density] 实例 #807 就绪，MemAvailable=117303MB（累计用 6404MB）
[density] 实例 #808 就绪，MemAvailable=117299MB（累计用 6408MB）
[density] 实例 #809 就绪，MemAvailable=117300MB（累计用 6407MB）
[density] 实例 #810 就绪，MemAvailable=117301MB（累计用 6406MB）
[density] 实例 #811 就绪，MemAvailable=117302MB（累计用 6405MB）
[density] 实例 #812 就绪，MemAvailable=117303MB（累计用 6404MB）
[density] 实例 #813 就绪，MemAvailable=117301MB（累计用 6406MB）
[density] 实例 #814 就绪，MemAvailable=117301MB（累计用 6406MB）
[density] 实例 #815 就绪，MemAvailable=117300MB（累计用 6407MB）
[density] 实例 #816 就绪，MemAvailable=117301MB（累计用 6406MB）
[density] 实例 #817 就绪，MemAvailable=117300MB（累计用 6407MB）
[density] 实例 #818 就绪，MemAvailable=117299MB（累计用 6408MB）
[density] 实例 #819 就绪，MemAvailable=117300MB（累计用 6407MB）
[density] 实例 #820 就绪，MemAvailable=117299MB（累计用 6408MB）
[density] 实例 #821 就绪，MemAvailable=117297MB（累计用 6410MB）
[density] 实例 #822 就绪，MemAvailable=117298MB（累计用 6409MB）
[density] 实例 #823 就绪，MemAvailable=117300MB（累计用 6407MB）
[density] 实例 #824 就绪，MemAvailable=117300MB（累计用 6407MB）
[density] 实例 #825 就绪，MemAvailable=117301MB（累计用 6406MB）
[density] 实例 #826 就绪，MemAvailable=117303MB（累计用 6404MB）
[density] 实例 #827 就绪，MemAvailable=117299MB（累计用 6408MB）
[density] 实例 #828 就绪，MemAvailable=117299MB（累计用 6408MB）
[density] 实例 #829 就绪，MemAvailable=117297MB（累计用 6410MB）
[density] 实例 #830 就绪，MemAvailable=117295MB（累计用 6412MB）
[density] 实例 #831 就绪，MemAvailable=117297MB（累计用 6410MB）
[density] 实例 #832 就绪，MemAvailable=117299MB（累计用 6408MB）
[density] 实例 #833 就绪，MemAvailable=117297MB（累计用 6410MB）
[density] 实例 #834 就绪，MemAvailable=117293MB（累计用 6414MB）
[density] 实例 #835 就绪，MemAvailable=117296MB（累计用 6411MB）
[density] 实例 #836 就绪，MemAvailable=117296MB（累计用 6411MB）
[density] 实例 #837 就绪，MemAvailable=117294MB（累计用 6413MB）
[density] 实例 #838 就绪，MemAvailable=117295MB（累计用 6412MB）
[density] 实例 #839 就绪，MemAvailable=117297MB（累计用 6410MB）
[density] 实例 #840 就绪，MemAvailable=117295MB（累计用 6412MB）
[density] 实例 #841 就绪，MemAvailable=117294MB（累计用 6413MB）
[density] 实例 #842 就绪，MemAvailable=117295MB（累计用 6412MB）
[density] 实例 #843 就绪，MemAvailable=117294MB（累计用 6413MB）
[density] 实例 #844 就绪，MemAvailable=117295MB（累计用 6412MB）
[density] 实例 #845 就绪，MemAvailable=117295MB（累计用 6412MB）
[density] 实例 #846 就绪，MemAvailable=117293MB（累计用 6414MB）
[density] 实例 #847 就绪，MemAvailable=117289MB（累计用 6418MB）
[density] 实例 #848 就绪，MemAvailable=117289MB（累计用 6418MB）
[density] 实例 #849 就绪，MemAvailable=117289MB（累计用 6418MB）
[density] 实例 #850 就绪，MemAvailable=117292MB（累计用 6415MB）
[density] 实例 #851 就绪，MemAvailable=117292MB（累计用 6415MB）
[density] 实例 #852 就绪，MemAvailable=117291MB（累计用 6416MB）
[density] 实例 #853 就绪，MemAvailable=117290MB（累计用 6417MB）
[density] 实例 #854 就绪，MemAvailable=117290MB（累计用 6417MB）
[density] 实例 #855 就绪，MemAvailable=117289MB（累计用 6418MB）
[density] 实例 #856 就绪，MemAvailable=117288MB（累计用 6419MB）
[density] 实例 #857 就绪，MemAvailable=117290MB（累计用 6417MB）
[density] 实例 #858 就绪，MemAvailable=117292MB（累计用 6415MB）
[density] 实例 #859 就绪，MemAvailable=117292MB（累计用 6415MB）
[density] 实例 #860 就绪，MemAvailable=117292MB（累计用 6415MB）
[density] 实例 #861 就绪，MemAvailable=117294MB（累计用 6413MB）
[density] 实例 #862 就绪，MemAvailable=117294MB（累计用 6413MB）
[density] 实例 #863 就绪，MemAvailable=117292MB（累计用 6415MB）
[density] 实例 #864 就绪，MemAvailable=117294MB（累计用 6413MB）
[density] 实例 #865 就绪，MemAvailable=117296MB（累计用 6411MB）
[density] 实例 #866 就绪，MemAvailable=117295MB（累计用 6412MB）
[density] 实例 #867 就绪，MemAvailable=117295MB（累计用 6412MB）
[density] 实例 #868 就绪，MemAvailable=117295MB（累计用 6412MB）
[density] 实例 #869 就绪，MemAvailable=117299MB（累计用 6408MB）
[density] 实例 #870 就绪，MemAvailable=117300MB（累计用 6407MB）
[density] 实例 #871 就绪，MemAvailable=117297MB（累计用 6410MB）
[density] 实例 #872 就绪，MemAvailable=117298MB（累计用 6409MB）
[density] 实例 #873 就绪，MemAvailable=117298MB（累计用 6409MB）
[density] 实例 #874 就绪，MemAvailable=117300MB（累计用 6407MB）
[density] 实例 #875 就绪，MemAvailable=117303MB（累计用 6404MB）
[density] 实例 #876 就绪，MemAvailable=117302MB（累计用 6405MB）
[density] 实例 #877 就绪，MemAvailable=117302MB（累计用 6405MB）
[density] 实例 #878 就绪，MemAvailable=117304MB（累计用 6403MB）
[density] 实例 #879 就绪，MemAvailable=117306MB（累计用 6401MB）
[density] 实例 #880 就绪，MemAvailable=117306MB（累计用 6401MB）
[density] 实例 #881 就绪，MemAvailable=117306MB（累计用 6401MB）
[density] 实例 #882 就绪，MemAvailable=117307MB（累计用 6400MB）
[density] 实例 #883 就绪，MemAvailable=117308MB（累计用 6399MB）
[density] 实例 #884 就绪，MemAvailable=117305MB（累计用 6402MB）
[density] 实例 #885 就绪，MemAvailable=117304MB（累计用 6403MB）
[density] 实例 #886 就绪，MemAvailable=117305MB（累计用 6402MB）
[density] 实例 #887 就绪，MemAvailable=117304MB（累计用 6403MB）
[density] 实例 #888 就绪，MemAvailable=117306MB（累计用 6401MB）
[density] 实例 #889 就绪，MemAvailable=117304MB（累计用 6403MB）
[density] 实例 #890 就绪，MemAvailable=117307MB（累计用 6400MB）
[density] 实例 #891 就绪，MemAvailable=117307MB（累计用 6400MB）
[density] 实例 #892 就绪，MemAvailable=117305MB（累计用 6402MB）
[density] 实例 #893 就绪，MemAvailable=117308MB（累计用 6399MB）
[density] 实例 #894 就绪，MemAvailable=117309MB（累计用 6398MB）
[density] 实例 #895 就绪，MemAvailable=117307MB（累计用 6400MB）
[density] 实例 #896 就绪，MemAvailable=117306MB（累计用 6401MB）
[density] 实例 #897 就绪，MemAvailable=117306MB（累计用 6401MB）
[density] 实例 #898 就绪，MemAvailable=117308MB（累计用 6399MB）
[density] 实例 #899 就绪，MemAvailable=117310MB（累计用 6397MB）
[density] 实例 #900 就绪，MemAvailable=117311MB（累计用 6396MB）
[density] 峰值 900 实例，停因=reached-max，均摊 ~7MB/实例
[density] 等待 900 实例自清理（hold=120s）...
[density] 自清理后 firecracker 残留=0
[bench] bench-density 完成
[bench] 结果: /srv/bench/sandlocker/build/bench/results.jsonl
